
Allocating common symbols
Common symbol       size              file

idt                 0x800             dscptor.o
gdt                 0x800             dscptor.o
gdtr                0x10              dscptor.o
CPUID_REQUEST       0x4               main.o
idtr                0x10              dscptor.o

Memory Configuration

Name             Origin             Length             Attributes
*default*        0x0000000000000000 0xffffffffffffffff

Linker script and memory map

                0x0000000000400000                __image_base__ = 0x400000
                0x0000000000000000                __dll__ = 0x0
                0x0000000000400000                ___ImageBase = 0x400000
                0x0000000000001000                __section_alignment__ = 0x1000
                0x0000000000000200                __file_alignment__ = 0x200
                0x0000000000000004                __major_os_version__ = 0x4
                0x0000000000000000                __minor_os_version__ = 0x0
                0x0000000000000001                __major_image_version__ = 0x1
                0x0000000000000000                __minor_image_version__ = 0x0
                0x0000000000000004                __major_subsystem_version__ = 0x4
                0x0000000000000000                __minor_subsystem_version__ = 0x0
                0x0000000000000003                __subsystem__ = 0x3
                0x0000000000200000                __size_of_stack_reserve__ = 0x200000
                0x0000000000001000                __size_of_stack_commit__ = 0x1000
                0x0000000000100000                __size_of_heap_reserve__ = 0x100000
                0x0000000000001000                __size_of_heap_commit__ = 0x1000
                0x0000000000000000                __loader_flags__ = 0x0
                0x0000000000000000                __dll_characteristics__ = 0x0
                0x0000000000101000                . = 0x101000
                0x0000000000101000                start = .

.text           0x0000000000101000     0x2e30 load address 0x0000000000001000
 *(.text .text.*)
 .text          0x0000000000101000       0x42 setup.obj
                0x0000000000101000                start
                0x000000000010100c                gdt_flush
                0x0000000000101034                idt_flush
 *fill*         0x0000000000101042        0xe 
 .text          0x0000000000101050      0x140 vector.obj
                0x000000000010107c                isr00
                0x0000000000101082                isr01
                0x0000000000101088                isr02
                0x000000000010108e                isr03
                0x0000000000101094                isr04
                0x000000000010109a                isr05
                0x00000000001010a0                isr06
                0x00000000001010a6                isr07
                0x00000000001010ac                isr08
                0x00000000001010b0                isr09
                0x00000000001010b6                isr10
                0x00000000001010ba                isr11
                0x00000000001010be                isr12
                0x00000000001010c2                isr13
                0x00000000001010c6                isr14
                0x00000000001010ca                isr15
                0x00000000001010d0                isr16
                0x00000000001010d9                isr17
                0x00000000001010e0                isr18
                0x00000000001010e9                isr19
                0x00000000001010f2                isr20
                0x00000000001010fb                isr21
                0x0000000000101104                isr22
                0x000000000010110d                isr23
                0x0000000000101116                isr24
                0x000000000010111f                isr25
                0x0000000000101128                isr26
                0x0000000000101131                isr27
                0x000000000010113a                isr28
                0x0000000000101143                isr29
                0x000000000010114c                isr30
                0x0000000000101155                isr31
                0x000000000010118a                lvt0
 .text          0x0000000000101190       0xe4 main.o
                0x0000000000101190                GraphicInitialize
                0x00000000001011e7                _main
 .text          0x0000000000101274       0x5c os.o
                0x0000000000101274                wait_ns
                0x0000000000101299                getmsr
                0x00000000001012b5                setmsr
                0x00000000001012c9                cli
                0x00000000001012cb                sti
 .text          0x00000000001012d0        0x0 data.o
 .text          0x00000000001012d0      0x6d8 dscptor.o
                0x0000000000101544                gdt_install
                0x00000000001018b9                idt_install
                0x0000000000101909                trap
                0x0000000000101957                interrupter
 .text          0x00000000001019a8      0x5a0 exceptions.o
                0x00000000001019a8                fault_exception
                0x0000000000101a1a                exceptions_install
 .text          0x0000000000101f48      0x130 string.o
                0x0000000000101f48                strlen
                0x0000000000101f75                copymem
                0x0000000000101fea                setmem
                0x000000000010202b                strcpy
 .text          0x0000000000102078       0x28 memory.o
                0x0000000000102078                Malloc
                0x000000000010209d                Free
 .text          0x00000000001020a0     0x13a4 gui.o
                0x00000000001020a0                PutPixel
                0x00000000001020c9                PutPixelBuff
                0x0000000000102100                RefreshRate
                0x000000000010214a                LineDrawHorizontal
                0x000000000010219c                LineDrawVertical
                0x00000000001021ee                DrawRect
                0x00000000001022ca                DrawArea
                0x0000000000102331                DrawChar
                0x0000000000102427                DrawCharTransparent
                0x00000000001024e3                InitializeBoxDraw
                0x0000000000102547                UpdateBoxDraw
                0x00000000001025e8                BoxDraw
                0x0000000000102742                CreateWindow
                0x00000000001029ab                CreateObject
                0x0000000000102c17                UpdateWindow
                0x0000000000102dfd                UpdateObject
                0x0000000000103126                Send
                0x000000000010327a                Receive
                0x00000000001032ba                GwSetFocus
                0x00000000001032c9                ObjectSetFocus
                0x00000000001032d8                CreateBox
                0x00000000001033a4                outputstring
 .text          0x0000000000103444        0x0 font12x16.o
 .text          0x0000000000103444      0x480 console.o
                0x0000000000103444                ClearScreen
                0x000000000010344a                SetAttribute
                0x0000000000103450                EnableCursor
                0x0000000000103463                SetCursorPosition
                0x00000000001035e4                print
 .text          0x00000000001038c4      0x108 cpuid.o
                0x00000000001038c4                cpuid_vendor
                0x0000000000103909                cpuid_processor_brand
 .text          0x00000000001039cc      0x174 apic.o
                0x00000000001039f3                enableapic
                0x0000000000103a33                apic_eoi_register
                0x0000000000103a44                apic_initialize
                0x0000000000103af5                apic_initial_count_timer
                0x0000000000103b08                apic_timer
 .text          0x0000000000103b40       0x70 lvt.o
                0x0000000000103b40                lvt_function
                0x0000000000103b78                lvt_install
 .text          0x0000000000103bb0      0x27c paging.o
                0x0000000000103bb0                load_page_diretory
                0x0000000000103bca                page_enable
                0x0000000000103bd6                __native_flush_tlb_single
                0x0000000000103bf0                flush_tlb
                0x0000000000103c11                page_install

.rdata          0x0000000000104000      0x640 load address 0x0000000000004000
 .rdata         0x0000000000104000       0x20 main.o
 .rdata         0x0000000000104020      0x3c8 exceptions.o
 .rdata         0x00000000001043e8       0xd8 console.o
 .rdata         0x00000000001044c0        0x4 apic.o
 .rdata         0x00000000001044c4       0x14 lvt.o
 .rdata$zzz     0x00000000001044d8       0x18 main.o
 .rdata$zzz     0x00000000001044f0       0x18 os.o
 .rdata$zzz     0x0000000000104508       0x18 data.o
 .rdata$zzz     0x0000000000104520       0x18 dscptor.o
 .rdata$zzz     0x0000000000104538       0x18 exceptions.o
 .rdata$zzz     0x0000000000104550       0x18 string.o
 .rdata$zzz     0x0000000000104568       0x18 memory.o
 .rdata$zzz     0x0000000000104580       0x18 gui.o
 .rdata$zzz     0x0000000000104598       0x18 font12x16.o
 .rdata$zzz     0x00000000001045b0       0x18 console.o
 .rdata$zzz     0x00000000001045c8       0x18 cpuid.o
 .rdata$zzz     0x00000000001045e0       0x18 apic.o
 .rdata$zzz     0x00000000001045f8       0x18 lvt.o
 .rdata$zzz     0x0000000000104610       0x18 paging.o

.rodata
 *(.rodata .rodata.*)

.data           0x0000000000105000     0x1180 load address 0x0000000000005000
 *(.data .data.*)
 .data          0x0000000000105000       0x34 setup.obj
 .data          0x0000000000105034        0x0 main.o
 .data          0x0000000000105034        0x0 os.o
 .data          0x0000000000105034        0x0 data.o
 .data          0x0000000000105034        0x0 dscptor.o
 *fill*         0x0000000000105034        0xc 
 .data          0x0000000000105040       0x80 exceptions.o
                0x0000000000105040                exception_mensagem
 .data          0x00000000001050c0        0x0 string.o
 .data          0x00000000001050c0        0x4 memory.o
                0x00000000001050c0                zBUF
 *fill*         0x00000000001050c4       0x3c 
 .data          0x0000000000105100       0x40 gui.o
                0x0000000000105100                ColorTable
 .data          0x0000000000105140     0x1000 font12x16.o
                0x0000000000105140                font12x16
 .data          0x0000000000106140        0x0 console.o
 .data          0x0000000000106140        0x0 cpuid.o
 .data          0x0000000000106140        0x4 apic.o
                0x0000000000106140                lapicbase
 .data          0x0000000000106144        0x0 lvt.o
 .data          0x0000000000106144        0x8 paging.o
                0x0000000000106144                kernel_page_directory
                0x0000000000106148                kernel_page_table

.drectve        0x0000000000107000      0x1e8 load address 0x0000000000007000
 .drectve       0x0000000000107000       0x20 main.o
 .drectve       0x0000000000107020       0x20 os.o
 .drectve       0x0000000000107040       0x20 data.o
 .drectve       0x0000000000107060       0x48 dscptor.o
 .drectve       0x00000000001070a8       0x20 exceptions.o
 .drectve       0x00000000001070c8       0x20 string.o
 .drectve       0x00000000001070e8       0x20 memory.o
 .drectve       0x0000000000107108       0x20 gui.o
 .drectve       0x0000000000107128       0x20 font12x16.o
 .drectve       0x0000000000107148       0x20 console.o
 .drectve       0x0000000000107168       0x20 cpuid.o
 .drectve       0x0000000000107188       0x20 apic.o
 .drectve       0x00000000001071a8       0x20 lvt.o
 .drectve       0x00000000001071c8       0x20 paging.o

.bss            0x0000000000108000    0x21060 load address 0x0000000000008000
 *(.bss .bss.*)
 .bss           0x0000000000108000    0x20000 setup.obj
                0x0000000000128000                stack
 .bss           0x0000000000128000        0x0 main.o
 .bss           0x0000000000128000        0x0 os.o
 .bss           0x0000000000128000        0x0 data.o
 .bss           0x0000000000128000        0x0 dscptor.o
 .bss           0x0000000000128000        0x0 exceptions.o
 .bss           0x0000000000128000        0x0 string.o
 .bss           0x0000000000128000        0x0 memory.o
 .bss           0x0000000000128000       0x10 gui.o
                0x0000000000128000                G
                0x0000000000128004                GlobalGwFocus
                0x0000000000128008                GlobalObjectFocus
                0x000000000012800c                Box
 .bss           0x0000000000128010        0x0 font12x16.o
 .bss           0x0000000000128010        0x0 console.o
 .bss           0x0000000000128010        0x0 cpuid.o
 .bss           0x0000000000128010        0x0 apic.o
 .bss           0x0000000000128010        0x0 lvt.o
 .bss           0x0000000000128010        0x0 paging.o
 *(COMMON)
 COMMON         0x0000000000128010        0x4 main.o
                0x0000000000128010                CPUID_REQUEST
 *fill*         0x0000000000128014       0x2c 
 COMMON         0x0000000000128040     0x1020 dscptor.o
                0x0000000000128040                idt
                0x0000000000128840                gdt
                0x0000000000129040                gdtr
                0x0000000000129050                idtr
                0x0000000000129060                end = .
LOAD setup.obj
LOAD vector.obj
LOAD main.o
LOAD os.o
LOAD data.o
LOAD dscptor.o
LOAD exceptions.o
LOAD string.o
LOAD memory.o
LOAD gui.o
LOAD font12x16.o
LOAD console.o
LOAD cpuid.o
LOAD apic.o
LOAD lvt.o
LOAD paging.o
OUTPUT(kernel.bin pe-i386)
